// Jest Snapshot v1, https://goo.gl/fbAQLP

exports[`Video matches snapshot 1`] = `
<DocumentFragment>
  <div
    class="ratio ratio-16x9 "
    style="max-width: 50vw; margin: 0px auto;"
  >
    <iframe
      allowfullscreen=""
      src="https://www.youtube.com/embed/test ID?rel=0"
      title="YouTube video"
    />
  </div>
</DocumentFragment>
`;
