// Jest Snapshot v1, https://goo.gl/fbAQLP

exports[`LeftImg matches snapshot 1`] = `
<DocumentFragment>
  <div
    class="center row"
  >
    <div
      class="center imgContainer col"
    >
      <img
        alt="Mike White Model"
        src="testImg"
        style="height: 30em;"
      />
    </div>
    <div
      class="txtContainer col"
    >
      <h2>
        testName
      </h2>
      <ul
        class="leftText scrollText"
        style="border-radius: .5em; color: black;"
      >
        <li>
          test item 1
        </li>
        <li>
          test item 2
        </li>
      </ul>
    </div>
  </div>
</DocumentFragment>
`;
