// Jest Snapshot v1, https://goo.gl/fbAQLP

exports[`RoleCard matches snapshot 1`] = `
<DocumentFragment>
  <div
    class="col"
  >
    <div
      class="cardBg leftText container"
      style="width: 17em; height: 17em; border: solid; margin: 1em; border-radius: .3em; overflow-y: auto; text-align: center;"
    >
      <h4
        style="padding-top: 45%;"
      />
    </div>
  </div>
</DocumentFragment>
`;
