// Jest Snapshot v1, https://goo.gl/fbAQLP

exports[`SkillCard matches snapshot 1`] = `
<DocumentFragment>
  <div
    class="col"
  >
    <div
      class="center container"
      style="width: 15em; height: 15em; border: solid; margin: 1em; border-radius: .3em; text-align: center;"
    >
      <img
        alt="Skateboarding"
        style="height: 15em; border-radius: .2em;"
      />
    </div>
  </div>
</DocumentFragment>
`;
