// Jest Snapshot v1, https://goo.gl/fbAQLP

exports[`VideoCarousel matches snapshot 1`] = `
<DocumentFragment>
  <div
    class="container"
    style="margin-bottom: 1em;"
  >
    <div
      class="align-items-center carousel slide"
    >
      <div
        class="carousel-indicators"
      >
        <button
          aria-current="true"
          aria-label="Slide 1"
          class="active"
          data-bs-target=""
          type="button"
        />
      </div>
      <div
        class="carousel-inner"
      >
        <div
          class="active carousel-item"
          interval="50000"
        >
          <div
            class="container"
            style="width: 50%;"
          >
            <div
              class="ratio ratio-16x9"
            >
              <iframe
                allowfullscreen=""
                src="https://www.youtube.com/embed/BTkfCsPAoqo?rel=0"
                title="YouTube video"
              />
            </div>
          </div>
        </div>
      </div>
      <a
        class="carousel-control-prev"
        href="#"
        role="button"
        tabindex="0"
      >
        <span
          aria-hidden="true"
          class="carousel-control-prev-icon"
        />
        <span
          class="visually-hidden"
        >
          Previous
        </span>
      </a>
      <a
        class="carousel-control-next"
        href="#"
        role="button"
        tabindex="0"
      >
        <span
          aria-hidden="true"
          class="carousel-control-next-icon"
        />
        <span
          class="visually-hidden"
        >
          Next
        </span>
      </a>
    </div>
  </div>
</DocumentFragment>
`;
